<html>
<body>
<pre>
<h1>礦ision Build Log</h1>
<h2>Tool Versions:</h2>
IDE-Version: μVision V5.14.0.0
Copyright (C) 2015 ARM Ltd and ARM Germany GmbH. All rights reserved.
License Information: XX XX, XX, LIC=9N0BS-LZF3C-BX7UY-IAEGN-FT85G-J837W
 
Tool Versions:
Toolchain:       MDK-ARM Professional  Version: 5.14.0.0
Toolchain Path:  C:\Keil_v5\ARM\ARMCC\Bin
C Compiler:      Armcc.exe V5.05 update 1 (build 106)
Assembler:       Armasm.exe V5.05 update 1 (build 106)
Linker/Locator:  ArmLink.exe V5.05 update 1 (build 106)
Library Manager: ArmAr.exe V5.05 update 1 (build 106)
Hex Converter:   FromElf.exe V5.05 update 1 (build 106)
CPU DLL:         SARMCM3.DLL V5.14.0.0
Dialog DLL:      DCM.DLL V1.13.1.0
Target DLL:      lmidk-agdi.dll V???
Dialog DLL:      TCM.DLL V1.14.4.0
 
<h2>Project:</h2>
E:\Data\2018校赛及培训\第四次积分赛\代码\FPGA数字方案画图\blinky\blinky.uvproj
Project File Date:  07/12/2018

<h2>Output:</h2>
Rebuild target 'blinky'
compiling blinky.c...
blinky.c(124): warning:  #177-D: variable "AmpValue" was declared but never referenced
      uint16_t AmpValue=801,Array3_Count,Count,DC_Count;
blinky.c(124): warning:  #177-D: variable "Count" was declared but never referenced
      uint16_t AmpValue=801,Array3_Count,Count,DC_Count;
blinky.c(125): warning:  #177-D: variable "PhaN" was declared but never referenced
      uint32_t FreValue=8000,FreN,PhaN;
blinky.c(126): warning:  #177-D: variable "PhaValue" was declared but never referenced
      double PhaValue;
blinky.c(128): warning:  #177-D: variable "ShowValue" was declared but never referenced
      double ShowValue;
blinky.c(129): warning:  #177-D: variable "LCDShow" was declared but never referenced
      signed int LCDShow;
blinky.c(131): warning:  #177-D: variable "PMP_Theory" was declared but never referenced
      double AMP_Temp,PMP_Temp,PMP_Theory;
blinky.c: 7 warnings, 0 errors
assembling startup_rvmdk.S...
compiling uartstdio.c...
compiling buttons.c...
compiling ad9959.c...
linking...
Program Size: Code=13864 RO-data=1028 RW-data=20 ZI-data=4708  
After Build - User command #1: fromelf --bin --output .\rvmdk\blinky.bin .\rvmdk\blinky.axf
".\rvmdk\blinky.axf" - 0 Error(s), 7 Warning(s).
</pre>
</body>
</html>
